16:44:16 **** Incremental Build of configuration Debug for project 004Inline2 ****
make -j12 all 
arm-none-eabi-gcc "../Src/main.c" -mcpu=cortex-m4 -std=gnu11 -g3 -DDEBUG -DSTM32 -DSTM32F4 -DSTM32F407VETx -c -I../Inc -O0 -ffunction-sections -fdata-sections -Wall -fstack-usage -MMD -MP -MF"Src/main.d" -MT"Src/main.o" --specs=nano.specs -mfloat-abi=soft -mthumb -o "Src/main.o"
arm-none-eabi-gcc -o "004Inline2.elf" @"objects.list"   -mcpu=cortex-m4 -T"C:\Users\cdac\Desktop\ARM Cortex Projects\004Inline2\STM32F407VETX_FLASH.ld" --specs=nosys.specs -Wl,-Map="004Inline2.map" -Wl,--gc-sections -static --specs=nano.specs -mfloat-abi=soft -mthumb -Wl,--start-group -lc -lm -Wl,--end-group
Finished building target: 004Inline2.elf
 
arm-none-eabi-size   004Inline2.elf 
arm-none-eabi-objdump -h -S  004Inline2.elf  > "004Inline2.list"
   text	   data	    bss	    dec	    hex	filename
    724	      8	   1568	   2300	    8fc	004Inline2.elf
Finished building: default.size.stdout
 
Finished building: 004Inline2.list
 

16:44:16 Build Finished. 0 errors, 0 warnings. (took 292ms)

