15:11:57 **** Incremental Build of configuration Debug for project 006T_Bit ****
make -j12 all 
arm-none-eabi-gcc "../Src/main.c" -mcpu=cortex-m4 -std=gnu11 -g3 -DDEBUG -DSTM32 -DSTM32F4 -DSTM32F407VETx -c -I../Inc -O0 -ffunction-sections -fdata-sections -Wall -fstack-usage -MMD -MP -MF"Src/main.d" -MT"Src/main.o" --specs=nano.specs -mfloat-abi=soft -mthumb -o "Src/main.o"
arm-none-eabi-gcc -o "006T_Bit.elf" @"objects.list"   -mcpu=cortex-m4 -T"C:\Users\cdac\Desktop\ARM Cortex Projects\006T_Bit\STM32F407VETX_FLASH.ld" --specs=nosys.specs -Wl,-Map="006T_Bit.map" -Wl,--gc-sections -static --specs=nano.specs -mfloat-abi=soft -mthumb -Wl,--start-group -lc -lm -Wl,--end-group
Finished building target: 006T_Bit.elf
 
arm-none-eabi-size   006T_Bit.elf 
arm-none-eabi-objdump -h -S  006T_Bit.elf  > "006T_Bit.list"
   text	   data	    bss	    dec	    hex	filename
   3904	    108	   1588	   5600	   15e0	006T_Bit.elf
Finished building: default.size.stdout
 
Finished building: 006T_Bit.list
 
15:12:05 **** Incremental Build of configuration Debug for project 006T_Bit ****
make -j12 all 
arm-none-eabi-size   006T_Bit.elf 
   text	   data	    bss	    dec	    hex	filename
   3904	    108	   1588	   5600	   15e0	006T_Bit.elf
Finished building: default.size.stdout
 
